
    ディレクトリ: C:\Users\misato\Documents\samurai

----                 -------------         ------ ----                                 
d-----        2024/01/03      9:52                git_challenge                        

PS C:\Users\misato\Documents\samurai> cd C:\Users\misato\Documents\samurai\git_challenge
PS C:\Users\misato\Documents\samurai\git_challenge> git init
Initialized empty Git repository in C:/Users/misato/Documents/samurai/git_challenge/.git/
PS C:\Users\misato\Documents\samurai\git_challenge> git add hello_world.txt
PS C:\Users\misato\Documents\samurai\git_challenge> git commit -m"hello_world.txtを追加
”
[main (root-commit) 5a4f5ae] hello_world.txtを追加
 1 file changed, 0 insertions(+), 0 deletions(-)
PS C:\Users\misato\Documents\samurai\git_challenge> git add hello_world.txt
PS C:\Users\misato\Documents\samurai\git_challenge> git commit -m"日本語訳を追記"      
[main 01b9667] 日本語訳を追記
 1 file changed, 2 insertions(+)
PS C:\Users\misato\Documents\samurai\git_challenge> git log --oneline
01b9667 (HEAD -> main) 日本語訳を追記
5a4f5ae hello_world.txtを追加
PS C:\Users\misato\Documents\samurai\git_challenge> 